---
source: src/sas.rs
expression: established
---
EstablishedSas {
    our_public_key: "AAAAAAAAAAAAAAAAAAAAAAAAAAAAAAAAAAAAAAAAAAA",
    their_public_key: "AAAAAAAAAAAAAAAAAAAAAAAAAAAAAAAAAAAAAAAAAAA",
    ..
}
